#-----------------------------------------------------------
# Vivado v2024.2 (64-bit)
# SW Build 5239630 on Fri Nov 08 22:35:27 MST 2024
# IP Build 5239520 on Sun Nov 10 16:12:51 MST 2024
# SharedData Build 5239561 on Fri Nov 08 14:39:27 MST 2024
# Start of session at: Wed Oct 15 10:51:18 2025
# Process ID         : 42356
# Current directory  : C:/FPGA/CS223_Lab1/CS223_Lab1.runs/synth_1
# Command line       : vivado.exe -log full_subtractor.vds -product Vivado -mode batch -messageDb vivado.pb -notrace -source full_subtractor.tcl
# Log file           : C:/FPGA/CS223_Lab1/CS223_Lab1.runs/synth_1/full_subtractor.vds
# Journal file       : C:/FPGA/CS223_Lab1/CS223_Lab1.runs/synth_1\vivado.jou
# Running On         : DESKTOP-VGVTN86
# Platform           : Windows Server 2016 or Windows 10
# Operating System   : 26200
# Processor Detail   : Intel(R) Core(TM) Ultra 9 275HX
# CPU Frequency      : 3072 MHz
# CPU Physical cores : 24
# CPU Logical cores  : 24
# Host memory        : 33673 MB
# Swap memory        : 5368 MB
# Total Virtual      : 39042 MB
# Available Virtual  : 12497 MB
#-----------------------------------------------------------
source full_subtractor.tcl -notrace
